{
    "test_summary_tsv": {
        "content": [
            "summary.tsv.gz:md5,45a667d8ad6fff574684a8a55c938204"
        ],
        "timestamp": "2023-11-28T16:52:00.869645524"
    },
    "test_plasmidfinder_tsv": {
        "content": [
            "plasmidfinder.tsv.gz:md5,4b4cf344b708fd3f7f2517ed92318f19"
        ],
        "timestamp": "2023-11-28T15:43:08.308529861"
    },
    "test_settings_txt": {
        "content": [
            "settings.txt.gz"
        ],
        "timestamp": "2023-11-28T15:43:08.29237937"
    },
    "test_detailed_summary_tsv": {
        "content": [
            "detailed_summary.tsv.gz:md5,3bdb116ef6b6150c4f03649a4e7a15ec"
        ],
        "timestamp": "2023-11-28T16:52:00.899729415"
    },
    "test_resfinder_tsv": {
        "content": [
            "resfinder.tsv.gz:md5,90091a6d9d61d3303cb47823dbb6db3d"
        ],
        "timestamp": "2023-11-28T16:52:00.930882269"
    },
    "test_mlst_tsv": {
        "content": [
            "mlst.tsv.gz:md5,8f95c8e181820d1bbf46d44d49f0f6cf"
        ],
        "timestamp": "2023-11-28T16:52:00.962510157"
    },
    "test_results_xlsx": {
        "content": [
            "results.xlsx"
        ],
        "timestamp": "2023-11-28T15:43:08.2814982"
    }
}